------------------------------------------------------------
Timing Analyzer Summary
------------------------------------------------------------

Type  : Slow 1100mV 85C Model Setup 'CLOCK_50'
Slack : -3.287
TNS   : -119.696

Type  : Slow 1100mV 85C Model Hold 'CLOCK_50'
Slack : 0.223
TNS   : 0.000

Type  : Slow 1100mV 85C Model Minimum Pulse Width 'CLOCK_50'
Slack : -2.174
TNS   : -135.401

Type  : Slow 1100mV 0C Model Setup 'CLOCK_50'
Slack : -3.381
TNS   : -118.371

Type  : Slow 1100mV 0C Model Hold 'CLOCK_50'
Slack : 0.213
TNS   : 0.000

Type  : Slow 1100mV 0C Model Minimum Pulse Width 'CLOCK_50'
Slack : -2.174
TNS   : -140.255

Type  : Fast 1100mV 85C Model Setup 'CLOCK_50'
Slack : -1.561
TNS   : -36.430

Type  : Fast 1100mV 85C Model Hold 'CLOCK_50'
Slack : 0.132
TNS   : 0.000

Type  : Fast 1100mV 85C Model Minimum Pulse Width 'CLOCK_50'
Slack : -2.174
TNS   : -93.289

Type  : Fast 1100mV 0C Model Setup 'CLOCK_50'
Slack : -1.470
TNS   : -29.236

Type  : Fast 1100mV 0C Model Hold 'CLOCK_50'
Slack : 0.123
TNS   : 0.000

Type  : Fast 1100mV 0C Model Minimum Pulse Width 'CLOCK_50'
Slack : -2.174
TNS   : -93.507

------------------------------------------------------------
