------------------------------------------------------------
Timing Analyzer Summary
------------------------------------------------------------

Type  : Slow 1100mV 85C Model Setup 'KEY[0]'
Slack : -4.435
TNS   : -37.922

Type  : Slow 1100mV 85C Model Hold 'KEY[0]'
Slack : 2.215
TNS   : 0.000

Type  : Slow 1100mV 85C Model Minimum Pulse Width 'KEY[0]'
Slack : -0.394
TNS   : -6.337

Type  : Slow 1100mV 0C Model Setup 'KEY[0]'
Slack : -4.525
TNS   : -38.616

Type  : Slow 1100mV 0C Model Hold 'KEY[0]'
Slack : 2.193
TNS   : 0.000

Type  : Slow 1100mV 0C Model Minimum Pulse Width 'KEY[0]'
Slack : -0.394
TNS   : -5.789

Type  : Fast 1100mV 85C Model Setup 'KEY[0]'
Slack : -2.002
TNS   : -17.194

Type  : Fast 1100mV 85C Model Hold 'KEY[0]'
Slack : 1.199
TNS   : 0.000

Type  : Fast 1100mV 85C Model Minimum Pulse Width 'KEY[0]'
Slack : -0.342
TNS   : -3.271

Type  : Fast 1100mV 0C Model Setup 'KEY[0]'
Slack : -1.834
TNS   : -15.748

Type  : Fast 1100mV 0C Model Hold 'KEY[0]'
Slack : 1.125
TNS   : 0.000

Type  : Fast 1100mV 0C Model Minimum Pulse Width 'KEY[0]'
Slack : -0.318
TNS   : -3.036

------------------------------------------------------------
