------------------------------------------------------------
Timing Analyzer Summary
------------------------------------------------------------

Type  : Slow 1100mV 85C Model Setup 'CLOCK_50'
Slack : -3.062
TNS   : -73.648

Type  : Slow 1100mV 85C Model Hold 'CLOCK_50'
Slack : 0.355
TNS   : 0.000

Type  : Slow 1100mV 85C Model Minimum Pulse Width 'CLOCK_50'
Slack : -2.174
TNS   : -123.569

Type  : Slow 1100mV 0C Model Setup 'CLOCK_50'
Slack : -3.168
TNS   : -73.233

Type  : Slow 1100mV 0C Model Hold 'CLOCK_50'
Slack : 0.325
TNS   : 0.000

Type  : Slow 1100mV 0C Model Minimum Pulse Width 'CLOCK_50'
Slack : -2.174
TNS   : -126.142

Type  : Fast 1100mV 85C Model Setup 'CLOCK_50'
Slack : -1.410
TNS   : -16.104

Type  : Fast 1100mV 85C Model Hold 'CLOCK_50'
Slack : 0.177
TNS   : 0.000

Type  : Fast 1100mV 85C Model Minimum Pulse Width 'CLOCK_50'
Slack : -2.174
TNS   : -92.834

Type  : Fast 1100mV 0C Model Setup 'CLOCK_50'
Slack : -1.332
TNS   : -12.915

Type  : Fast 1100mV 0C Model Hold 'CLOCK_50'
Slack : 0.153
TNS   : 0.000

Type  : Fast 1100mV 0C Model Minimum Pulse Width 'CLOCK_50'
Slack : -2.174
TNS   : -92.687

------------------------------------------------------------
